../Core/Src/main.c:94:5:main	8	static
../Core/Src/main.c:181:6:SystemClock_Config	120	static
../Core/Src/main.c:229:13:MX_I2C1_Init	8	static
../Core/Src/main.c:277:13:MX_TIM1_Init	40	static
../Core/Src/main.c:325:13:MX_TIM2_Init	56	static
../Core/Src/main.c:385:13:MX_USART2_UART_Init	8	static
../Core/Src/main.c:420:13:MX_GPIO_Init	40	static
../Core/Src/main.c:460:6:HAL_TIM_IC_CaptureCallback	16	static
../Core/Src/main.c:497:6:HAL_TIM_PeriodElapsedCallback	16	static
../Core/Src/main.c:508:6:read_button	16	static
../Core/Src/main.c:526:6:Error_Handler	4	static,ignoring_inline_asm
